
============================================================
  BTC 价格预测 - 2026-07-12 14:00:01
============================================================
✓ 价格数据获取成功 (来源: coinlore)
  当前价格: $64,013.45
  24h涨跌幅: -0.38%
Binance klines fetch failed: HTTPSConnectionPool(host='api.binance.com', port=443): Read timed out. (read timeout=15)
✗ K线数据获取失败

============================================================
  ETH 价格预测 - 2026-07-12 14:00:24
============================================================
✓ 价格数据获取成功 (来源: coinlore)
  当前价格: $1,805.99
  24h涨跌幅: +0.23%
✓ K线数据获取成功 (最近 48 条)
✓ 市场状态识别: 中性状态 → 观望为主
✓ 方向判断: 中性（82%概率随机游走） (评分: -2, 置信度: 74.0%)
✓ 波动区间预测: $1,800.57 ~ $1,811.41 (正常区间（±0.4~0.8%）)
预测记录已写入: 2026-07-12 14:00:43

============================================================
  预测完成
============================================================

============================================================
  近7天规律分析
============================================================
  总预测次数: 1
  区间准确率: 0.0%
  neutral: 1次, 准确率 0.0%
============================================================

总耗时: 42.08秒

============================================================
  BTC 价格预测 - 2026-07-12 15:00:01
============================================================
✓ 价格数据获取成功 (来源: coinlore)
  当前价格: $64,215.85
  24h涨跌幅: -0.25%
✓ K线数据获取成功 (最近 48 条)
✓ 上小时验证: 预测区间验证: ✗ | 方向验证: ✗
✓ 市场状态识别: 中性状态 → 观望为主
✓ 方向判断: 中性（82%概率随机游走） (评分: 1, 置信度: 74.0%)
✓ 波动区间预测: $64,087.42 ~ $64,344.28 (窄区间（±0.4%）)
预测记录已写入: 2026-07-12 15:00:17

============================================================
  预测完成
============================================================

============================================================
  ETH 价格预测 - 2026-07-12 15:00:19
============================================================
✓ 价格数据获取成功 (来源: coinlore)
  当前价格: $1,819.49
  24h涨跌幅: +0.36%
✓ K线数据获取成功 (最近 48 条)
✓ 上小时验证: 预测区间验证: ✗ | 方向验证: ✗
✓ 市场状态识别: 正常波动上涨 → 趋势健康
✓ 方向判断: 中性（82%概率随机游走） (评分: 2, 置信度: 74.0%)
✓ 波动区间预测: $1,814.03 ~ $1,824.95 (正常区间（±0.4~0.8%）)
预测记录已写入: 2026-07-12 15:00:30

============================================================
  预测完成
============================================================

============================================================
  近7天规律分析
============================================================
  总预测次数: 3
  区间准确率: 0.0%
  neutral: 3次, 准确率 0.0%
============================================================

总耗时: 28.15秒

============================================================
  BTC 价格预测 - 2026-07-12 16:00:01
============================================================
Coinlore fetch failed: HTTPSConnectionPool(host='api.coinlore.com', port=443): Max retries exceeded with url: /api/ticker/?id=90 (Caused by SSLError(SSLEOFError(8, '[SSL: UNEXPECTED_EOF_WHILE_READING] EOF occurred in violation of protocol (_ssl.c:1016)')))
✓ 价格数据获取成功 (来源: binance)
  当前价格: $64,173.58
  24h涨跌幅: -0.01%
✓ K线数据获取成功 (最近 48 条)
✓ 上小时验证: 预测区间验证: ✗ | 方向验证: ✗
✓ 市场状态识别: 中性状态 → 观望为主
✓ 方向判断: 中性（82%概率随机游走） (评分: 1, 置信度: 74.0%)
✓ 波动区间预测: $63,981.06 ~ $64,470.60 (正常区间（±0.4~0.8%）)
预测记录已写入: 2026-07-12 16:00:21

============================================================
  预测完成
============================================================

============================================================
  ETH 价格预测 - 2026-07-12 16:00:23
============================================================
✓ 价格数据获取成功 (来源: coinlore)
  当前价格: $1,822.96
  24h涨跌幅: +0.59%
✓ K线数据获取成功 (最近 48 条)
✓ 上小时验证: 预测区间验证: ✗ | 方向验证: ✗
✓ 市场状态识别: 正常波动上涨 → 趋势健康
✓ 方向判断: 温和看多 (评分: 3, 置信度: 5.0%)
✓ 波动区间预测: $1,817.49 ~ $1,829.49 (正常区间（±0.4~0.8%）)
预测记录已写入: 2026-07-12 16:00:34

============================================================
  预测完成
============================================================

============================================================
  近7天规律分析
============================================================
  总预测次数: 5
  区间准确率: 0.0%
  neutral: 4次, 准确率 0.0%
  bullish_weak: 1次, 准确率 0.0%
============================================================

总耗时: 33.05秒

============================================================
  BTC 价格预测 - 2026-07-12 17:00:01
============================================================
✓ 价格数据获取成功 (来源: coinlore)
  当前价格: $64,133.48
  24h涨跌幅: +0.01%
✓ K线数据获取成功 (最近 48 条)
✓ 上小时验证: 预测区间验证: ✗ | 方向验证: ✓
✓ 市场状态识别: 中性状态 → 观望为主
✓ 方向判断: 温和看多 (评分: 3, 置信度: 5.0%)
✓ 波动区间预测: $64,005.21 ~ $64,261.75 (窄区间（±0.4%）)
预测记录已写入: 2026-07-12 17:00:12

============================================================
  预测完成
============================================================

============================================================
  ETH 价格预测 - 2026-07-12 17:00:14
============================================================
Coinlore fetch failed: HTTPSConnectionPool(host='api.coinlore.com', port=443): Read timed out. (read timeout=10)
✓ 价格数据获取成功 (来源: binance)
  当前价格: $1,822.29
  24h涨跌幅: -0.03%
✓ K线数据获取成功 (最近 48 条)
✓ 上小时验证: 预测区间验证: ✗ | 方向验证: ✗
✓ 市场状态识别: 中性状态 → 观望为主
✓ 方向判断: 温和看多 (评分: 3, 置信度: 5.0%)
✓ 波动区间预测: $1,816.82 ~ $1,829.31 (正常区间（±0.4~0.8%）)
预测记录已写入: 2026-07-12 17:00:36

============================================================
  预测完成
============================================================

============================================================
  近7天规律分析
============================================================
  总预测次数: 7
  区间准确率: 0.0%
  neutral: 4次, 准确率 0.0%
  bullish_weak: 3次, 准确率 0.0%
============================================================

总耗时: 34.46秒

============================================================
  BTC 价格预测 - 2026-07-12 18:00:01
============================================================
Coinlore fetch failed: HTTPSConnectionPool(host='api.coinlore.com', port=443): Max retries exceeded with url: /api/ticker/?id=90 (Caused by SSLError(SSLEOFError(8, '[SSL: UNEXPECTED_EOF_WHILE_READING] EOF occurred in violation of protocol (_ssl.c:1016)')))
✓ 价格数据获取成功 (来源: binance)
  当前价格: $64,077.99
  24h涨跌幅: -0.33%
✓ K线数据获取成功 (最近 48 条)
✓ 上小时验证: 预测区间验证: ✗ | 方向验证: ✓
✓ 市场状态识别: 中性状态 → 观望为主
✓ 方向判断: 温和看多 (评分: 3, 置信度: 5.0%)
✓ 波动区间预测: $63,949.83 ~ $64,206.15 (窄区间（±0.4%）)
预测记录已写入: 2026-07-12 18:00:22

============================================================
  预测完成
============================================================

============================================================
  ETH 价格预测 - 2026-07-12 18:00:24
============================================================
✓ 价格数据获取成功 (来源: coinlore)
  当前价格: $1,819.80
  24h涨跌幅: -0.25%
✓ K线数据获取成功 (最近 48 条)
✓ 上小时验证: 预测区间验证: ✗ | 方向验证: ✗
✓ 市场状态识别: 中性状态 → 观望为主
✓ 方向判断: 中性（82%概率随机游走） (评分: 2, 置信度: 74.0%)
✓ 波动区间预测: $1,814.34 ~ $1,825.26 (正常区间（±0.4~0.8%）)
预测记录已写入: 2026-07-12 18:00:34

============================================================
  预测完成
============================================================

============================================================
  近7天规律分析
============================================================
  总预测次数: 9
  区间准确率: 0.0%
  neutral: 5次, 准确率 0.0%
  bullish_weak: 4次, 准确率 0.0%
============================================================

总耗时: 33.03秒

============================================================
  BTC 价格预测 - 2026-07-12 19:00:02
============================================================
✓ 价格数据获取成功 (来源: coinlore)
  当前价格: $64,134.86
  24h涨跌幅: -0.25%
✓ K线数据获取成功 (最近 48 条)
✓ 上小时验证: 预测区间验证: ✗ | 方向验证: ✗
✓ 市场状态识别: 中性状态 → 观望为主
✓ 方向判断: 温和看多 (评分: 3, 置信度: 5.0%)
✓ 波动区间预测: $64,006.59 ~ $64,263.13 (窄区间（±0.4%）)
预测记录已写入: 2026-07-12 19:00:16

============================================================
  预测完成
============================================================

============================================================
  ETH 价格预测 - 2026-07-12 19:00:18
============================================================
✓ 价格数据获取成功 (来源: coinlore)
  当前价格: $1,821.38
  24h涨跌幅: -0.22%
✓ K线数据获取成功 (最近 48 条)
✓ 上小时验证: 预测区间验证: ✗ | 方向验证: ✗
✓ 市场状态识别: 中性状态 → 观望为主
✓ 方向判断: 中性（82%概率随机游走） (评分: 2, 置信度: 74.0%)
✓ 波动区间预测: $1,815.92 ~ $1,826.84 (正常区间（±0.4~0.8%）)
预测记录已写入: 2026-07-12 19:00:30

============================================================
  预测完成
============================================================

============================================================
  近7天规律分析
============================================================
  总预测次数: 11
  区间准确率: 0.0%
  neutral: 6次, 准确率 0.0%
  bullish_weak: 5次, 准确率 0.0%
============================================================

总耗时: 28.91秒

============================================================
  BTC 价格预测 - 2026-07-12 20:00:01
============================================================
Coinlore fetch failed: HTTPSConnectionPool(host='api.coinlore.com', port=443): Max retries exceeded with url: /api/ticker/?id=90 (Caused by SSLError(SSLEOFError(8, '[SSL: UNEXPECTED_EOF_WHILE_READING] EOF occurred in violation of protocol (_ssl.c:1016)')))
✓ 价格数据获取成功 (来源: binance)
  当前价格: $64,239.99
  24h涨跌幅: -0.07%
✓ K线数据获取成功 (最近 48 条)
✓ 上小时验证: 预测区间验证: ✗ | 方向验证: ✗
✓ 市场状态识别: 中性状态 → 观望为主
✓ 方向判断: 中性（82%概率随机游走） (评分: 1, 置信度: 74.0%)
✓ 波动区间预测: $64,111.51 ~ $64,447.32 (窄区间（±0.4%）)
预测记录已写入: 2026-07-12 20:00:22

============================================================
  预测完成
============================================================

============================================================
  ETH 价格预测 - 2026-07-12 20:00:24
============================================================
✓ 价格数据获取成功 (来源: coinlore)
  当前价格: $1,819.88
  24h涨跌幅: -0.13%
✓ K线数据获取成功 (最近 48 条)
✓ 上小时验证: 预测区间验证: ✗ | 方向验证: ✗
✓ 市场状态识别: 中性状态 → 观望为主
✓ 方向判断: 中性（82%概率随机游走） (评分: 1, 置信度: 74.0%)
✓ 波动区间预测: $1,814.42 ~ $1,825.34 (正常区间（±0.4~0.8%）)
预测记录已写入: 2026-07-12 20:00:34

============================================================
  预测完成
============================================================

============================================================
  近7天规律分析
============================================================
  总预测次数: 13
  区间准确率: 0.0%
  neutral: 8次, 准确率 0.0%
  bullish_weak: 5次, 准确率 0.0%
============================================================

总耗时: 33.51秒

============================================================
  BTC 价格预测 - 2026-07-12 21:00:02
============================================================
✓ 价格数据获取成功 (来源: coinlore)
  当前价格: $64,209.36
  24h涨跌幅: -0.27%
✓ K线数据获取成功 (最近 48 条)
✓ 上小时验证: 预测区间验证: ✗ | 方向验证: ✗
✓ 市场状态识别: 中性状态 → 观望为主
✓ 方向判断: 中性（82%概率随机游走） (评分: 2, 置信度: 74.0%)
✓ 波动区间预测: $64,080.94 ~ $64,448.85 (窄区间（±0.4%）)
预测记录已写入: 2026-07-12 21:00:12

============================================================
  预测完成
============================================================

============================================================
  ETH 价格预测 - 2026-07-12 21:00:14
============================================================
✓ 价格数据获取成功 (来源: coinlore)
  当前价格: $1,821.58
  24h涨跌幅: -0.21%
✓ K线数据获取成功 (最近 48 条)
✓ 上小时验证: 预测区间验证: ✗ | 方向验证: ✗
✓ 市场状态识别: 中性状态 → 观望为主
✓ 方向判断: 中性（82%概率随机游走） (评分: 1, 置信度: 74.0%)
✓ 波动区间预测: $1,816.12 ~ $1,827.04 (正常区间（±0.4~0.8%）)
预测记录已写入: 2026-07-12 21:00:25

============================================================
  预测完成
============================================================

============================================================
  近7天规律分析
============================================================
  总预测次数: 15
  区间准确率: 0.0%
  neutral: 10次, 准确率 0.0%
  bullish_weak: 5次, 准确率 0.0%
============================================================

总耗时: 23.05秒

============================================================
  BTC 价格预测 - 2026-07-12 22:00:01
============================================================
✓ 价格数据获取成功 (来源: coinlore)
  当前价格: $63,943.86
  24h涨跌幅: -0.63%
✓ K线数据获取成功 (最近 48 条)
✓ 上小时验证: 预测区间验证: ✗ | 方向验证: ✗
✓ 市场状态识别: 正常波动下跌 → 趋势健康
✓ 方向判断: 中性（82%概率随机游走） (评分: -2, 置信度: 74.0%)
✓ 波动区间预测: $63,815.97 ~ $64,071.75 (窄区间（±0.4%）)
预测记录已写入: 2026-07-12 22:00:12

============================================================
  预测完成
============================================================

============================================================
  ETH 价格预测 - 2026-07-12 22:00:14
============================================================
✓ 价格数据获取成功 (来源: coinlore)
  当前价格: $1,812.81
  24h涨跌幅: -0.60%
✓ K线数据获取成功 (最近 48 条)
✓ 上小时验证: 预测区间验证: ✗ | 方向验证: ✗
✓ 市场状态识别: 正常波动下跌 → 趋势健康
✓ 方向判断: 中性（82%概率随机游走） (评分: 2, 置信度: 74.0%)
✓ 波动区间预测: $1,807.37 ~ $1,818.25 (正常区间（±0.4~0.8%）)
预测记录已写入: 2026-07-12 22:00:25

============================================================
  预测完成
============================================================

============================================================
  近7天规律分析
============================================================
  总预测次数: 17
  区间准确率: 0.0%
  neutral: 12次, 准确率 0.0%
  bullish_weak: 5次, 准确率 0.0%
============================================================

总耗时: 23.61秒

============================================================
  BTC 价格预测 - 2026-07-12 23:00:01
============================================================
✓ 价格数据获取成功 (来源: coinlore)
  当前价格: $63,801.79
  24h涨跌幅: -0.57%
✓ K线数据获取成功 (最近 48 条)
✓ 上小时验证: 预测区间验证: ✗ | 方向验证: ✗
✓ 市场状态识别: 正常波动下跌 → 趋势健康
✓ 方向判断: 中性（82%概率随机游走） (评分: -2, 置信度: 74.0%)
✓ 波动区间预测: $63,626.73 ~ $63,929.39 (窄区间（±0.4%）)
预测记录已写入: 2026-07-12 23:00:12

============================================================
  预测完成
============================================================

============================================================
  ETH 价格预测 - 2026-07-12 23:00:14
============================================================
✓ 价格数据获取成功 (来源: coinlore)
  当前价格: $1,802.79
  24h涨跌幅: -0.52%
✓ K线数据获取成功 (最近 48 条)
✓ 上小时验证: 预测区间验证: ✗ | 方向验证: ✗
✓ 市场状态识别: 正常波动下跌 → 趋势健康
✓ 方向判断: 中性（82%概率随机游走） (评分: -2, 置信度: 74.0%)
✓ 波动区间预测: $1,797.38 ~ $1,808.20 (正常区间（±0.4~0.8%）)
预测记录已写入: 2026-07-12 23:00:25

============================================================
  预测完成
============================================================

============================================================
  近7天规律分析
============================================================
  总预测次数: 19
  区间准确率: 0.0%
  neutral: 14次, 准确率 0.0%
  bullish_weak: 5次, 准确率 0.0%
============================================================

总耗时: 23.99秒

============================================================
  BTC 价格预测 - 2026-07-13 00:00:01
============================================================
✓ 价格数据获取成功 (来源: coinlore)
  当前价格: $63,757.43
  24h涨跌幅: -0.25%
✓ K线数据获取成功 (最近 48 条)
✓ 上小时验证: 预测区间验证: ✗ | 方向验证: ✗
✓ 市场状态识别: 中性状态 → 观望为主
✓ 方向判断: 温和看空 (评分: -3, 置信度: 8.0%)
✓ 波动区间预测: $63,575.57 ~ $63,884.94 (窄区间（±0.4%）)
预测记录已写入: 2026-07-13 00:00:12

============================================================
  预测完成
============================================================

============================================================
  ETH 价格预测 - 2026-07-13 00:00:14
============================================================
✓ 价格数据获取成功 (来源: coinlore)
  当前价格: $1,805.68
  24h涨跌幅: +0.82%
✓ K线数据获取成功 (最近 48 条)
✓ 上小时验证: 预测区间验证: ✗ | 方向验证: ✓
✓ 市场状态识别: 中性状态 → 观望为主
✓ 方向判断: 中性（82%概率随机游走） (评分: -1, 置信度: 74.0%)
✓ 波动区间预测: $1,800.26 ~ $1,811.10 (正常区间（±0.4~0.8%）)
预测记录已写入: 2026-07-13 00:00:25

============================================================
  预测完成
============================================================

============================================================
  近7天规律分析
============================================================
  总预测次数: 21
  区间准确率: 0.0%
  neutral: 15次, 准确率 0.0%
  bullish_weak: 5次, 准确率 0.0%
  bearish_weak: 1次, 准确率 100.0%
============================================================

总耗时: 23.84秒
